// Jest Snapshot v1, https://goo.gl/fbAQLP

exports[`Should render EditExpense page 1`] = `
<div>
  <ExpenseForm
    expense={
      Object {
        "amount": 10000,
        "createdAt": 604800000,
        "description": "Utility",
        "id": 3,
        "notes": "",
      }
    }
    onSubmit={[Function]}
  />
  <button
    onClick={[Function]}
  >
    Remove
  </button>
</div>
`;
