// Jest Snapshot v1, https://goo.gl/fbAQLP

exports[`Should render ExpenseListItems with single expense 1`] = `
<div>
  <Link
    to="/edit/2"
  >
    <h3>
      Rent
    </h3>
  </Link>
  <p />
  <p>
    $750.00
  </p>
  <p>
    Wednesday, December 24th 1969
  </p>
</div>
`;
