// Jest Snapshot v1, https://goo.gl/fbAQLP

exports[`Should render Header correctly 1`] = `
<header>
  <h1>
    Budget
    <b
      className="header-title-fyi"
    >
      FYI
    </b>
  </h1>
  <NavLink
    activeClassName="is-active"
    exact={true}
    to="/dashboard"
  >
    Dashboard
  </NavLink>
  <NavLink
    activeClassName="is-active"
    to="/create"
  >
    Add Expense
  </NavLink>
  <NavLink
    activeClassName="is-active"
    to="/about"
  >
    About
  </NavLink>
  <NavLink
    activeClassName="is-active"
    to="/contact"
  >
    Contact
  </NavLink>
  <NavLink
    activeClassName="is-active"
    to="/help"
  >
    Help
  </NavLink>
</header>
`;
