// Jest Snapshot v1, https://goo.gl/fbAQLP

exports[`Should render the Loading Page 1`] = `
<div
  className="loader"
>
  <img
    className="loader__image"
    src="/images/loader.png"
  />
</div>
`;
