// Jest Snapshot v1, https://goo.gl/fbAQLP

exports[`Should render page not found 1`] = `
<div>
  <p>
    Whomp! Try a different page my friend...or go home below
  </p>
  <Link
    to="/"
  >
    Phone Home Here
  </Link>
</div>
`;
